2026/06/17 09:10:38 Ассистент запущен
2026/06/17 09:14:13 Ассистент запущен
2026/06/17 09:14:22 Слушаю...
2026/06/17 09:15:01 Открываю бразуер
2026/06/17 09:15:05 Открываю бразуер
2026/06/17 09:15:09 Открываю бразуер
2026/06/17 09:15:15 Закрытие программы...
2026/06/17 09:16:19 Ассистент запущен
2026/06/17 09:16:22 Слушаю...
2026/06/17 09:16:25 Открываю бразуер
2026/06/17 09:16:29 Закрытие программы...
2026/06/17 09:21:33 Ассистент запущен
2026/06/17 09:21:36 Слушаю...
2026/06/17 09:21:49 Открываю YouTube...
2026/06/17 09:22:28 Закрытие программы...
2026/06/17 09:25:03 Ассистент запущен
2026/06/17 09:25:06 Слушаю...
2026/06/17 09:25:10 Открываю бразуер...
2026/06/17 09:25:14 Открываю бразуер...
2026/06/17 09:25:36 Ассистент запущен
2026/06/17 09:25:42 Слушаю...
2026/06/17 09:25:44 Открываю бразуер...
2026/06/17 09:25:48 Открываю YouTube...
2026/06/17 09:26:35 Закрытие программы...
2026/06/17 13:50:16 Ассистент запущен
2026/06/17 13:50:20 Слушаю...
2026/06/17 13:50:25 пауза
2026/06/17 13:50:28 пауза
2026/06/17 13:50:37 стоп
2026/06/17 13:50:37 Остнавливаю прослушивание...
2026/06/17 13:50:46 Слушаю...
2026/06/17 13:50:49 пауза
2026/06/17 13:50:54 пауза
2026/06/17 13:50:56 дальше
2026/06/17 13:52:42 Ассистент запущен
2026/06/17 13:52:47 Слушаю...
2026/06/17 13:52:51 пауза
2026/06/17 13:52:54 пауза
2026/06/17 13:56:00 Ассистент запущен
2026/06/17 13:56:02 Слушаю...
2026/06/17 13:56:07 дальше
2026/06/17 13:57:22 стоп
2026/06/17 13:57:22 Остнавливаю прослушивание...
2026/06/17 13:59:46 Ассистент запущен
2026/06/17 14:03:06 Ассистент запущен
2026/06/17 14:03:20 Слушаю...
2026/06/17 14:03:27 закрой программу
2026/06/17 14:03:27 Закрытие программы...
2026/06/17 14:04:00 Ассистент запущен
2026/06/17 14:04:08 Слушаю...
2026/06/17 14:04:13 закрой программу
2026/06/17 14:04:13 Закрытие программы...
2026/06/17 14:05:08 Ассистент запущен
2026/06/17 14:05:13 Слушаю...
2026/06/17 14:05:17 программу
2026/06/17 14:05:23 закрой программу
2026/06/17 14:05:23 Закрытие программы...
2026/06/17 14:20:56 Ассистент запущен
2026/06/17 14:20:59 Слушаю...
2026/06/17 14:21:53 закрой программу
2026/06/17 14:21:53 Закрытие программы...
2026/06/17 14:31:15 Ассистент запущен
2026/06/17 14:31:25 Слушаю...
2026/06/17 14:32:06 Ассистент запущен
2026/06/17 14:32:26 Ассистент запущен
2026/06/17 14:32:31 Слушаю...
2026/06/17 14:37:09 Ассистент запущен
2026/06/17 14:37:09 fork/exec tts/piper.exe: The system cannot find the file specified.
2026/06/17 14:37:09 write |1: file already closed
2026/06/17 14:37:09 close |1: file already closed
2026/06/17 14:37:09 exec: not started
2026/06/17 14:37:13 Слушаю...
2026/06/17 14:37:13 fork/exec tts/piper.exe: The system cannot find the file specified.
2026/06/17 14:37:13 write |1: file already closed
2026/06/17 14:37:13 close |1: file already closed
2026/06/17 14:37:13 exec: not started
2026/06/17 14:37:17 выключи программу
2026/06/17 14:37:28 закрой программу
2026/06/17 14:37:28 Закрытие программы...
2026/06/17 14:38:36 Ассистент запущен
2026/06/17 14:38:43 Слушаю...
2026/06/17 14:38:53 стоп
2026/06/17 14:38:53 Остнавливаю прослушивание...
2026/06/17 14:38:57 Слушаю...
2026/06/17 14:39:11 пауза
2026/06/17 14:39:57 закрой программу
2026/06/17 14:39:57 Закрытие программы...
2026/06/17 14:42:23 Ассистент запущен
2026/06/17 14:42:56 Ассистент запущен
2026/06/17 14:44:08 Слушаю...
2026/06/17 14:44:10 джарвис
2026/06/17 14:44:13 что ты умеешь
2026/06/17 14:44:28 -----------------------------------------------------
2026/06/17 14:44:28 открыть пхп шторм
2026/06/17 14:44:28 открыть браузер
2026/06/17 14:44:28 открыть музыку
2026/06/17 14:44:28 включить музыку
2026/06/17 14:44:28 переключать треки
2026/06/17 14:44:28 стоп
2026/06/17 14:44:28 закрыть программу
2026/06/17 14:44:32 стоп
2026/06/17 14:44:32 Остнавливаю прослушивание...
2026/06/17 14:45:32 Ассистент запущен
2026/06/17 14:46:08 Слушаю...
2026/06/17 14:46:13 трек играй что джарвис
2026/06/17 14:46:16 открой музыку
2026/06/17 14:46:16 Открываю Yandex.Music...
2026/06/17 14:46:23 пауза
2026/06/17 14:46:25 пауза
2026/06/17 14:46:27 дальше
2026/06/17 14:46:39 открой браузер
2026/06/17 14:46:39 Открываю бразуер...
2026/06/17 14:46:50 открой ии
2026/06/17 14:46:56 открой гит ии
2026/06/17 14:47:01 открой телеграм
2026/06/17 14:47:01 Открываю Telegram...
2026/06/17 14:47:08 мут
2026/06/17 14:47:12 что ты сделай пауза
2026/06/17 14:47:20 мут
2026/06/17 14:47:35 открой гит хаб
2026/06/17 14:47:40 открой гит
2026/06/17 14:47:40 Открываю GitHub...
2026/06/17 14:47:55 стоп
2026/06/17 14:47:55 Остнавливаю прослушивание...
2026/06/17 14:48:48 Слушаю...
2026/06/17 14:48:52 джарвис закрой программу
2026/06/17 14:48:56 закрой программу
2026/06/17 14:48:56 Закрытие программы...
2026/06/17 14:49:51 Ассистент запущен
2026/06/17 14:49:55 Слушаю...
2026/06/17 14:50:01 без звука
2026/06/17 14:50:03 без звука
2026/06/17 14:50:22 стоп
2026/06/17 14:50:22 Остнавливаю прослушивание...
2026/06/17 14:50:42 Слушаю...
2026/06/17 14:50:46 подонок
2026/06/17 14:50:53 открой гит
2026/06/17 14:50:53 Открываю GitHub...
2026/06/17 14:51:00 закрой
2026/06/17 14:51:04 закрой программу
2026/06/17 14:51:04 Закрытие программы...
